// Vitest Snapshot v1, https://vitest.dev/guide/snapshot.html

exports[`toKiCadPcb > matches the committed byte-for-byte snapshot (cross-commit stability guard) 1`] = `
"(kicad_pcb (version 20211014) (generator prompt_to_pcb)

  (general
    (thickness 1.6)
  )

  (paper "A4")

  (layers
    (0 "F.Cu" signal)
    (31 "B.Cu" signal)
    (32 "B.Adhes" user "B.Adhesive")
    (33 "F.Adhes" user "F.Adhesive")
    (34 "B.Paste" user)
    (35 "F.Paste" user)
    (36 "B.SilkS" user "B.Silkscreen")
    (37 "F.SilkS" user "F.Silkscreen")
    (38 "B.Mask" user)
    (39 "F.Mask" user)
    (40 "Dwgs.User" user "User.Drawings")
    (41 "Cmts.User" user "User.Comments")
    (42 "Eco1.User" user "User.Eco1")
    (43 "Eco2.User" user "User.Eco2")
    (44 "Edge.Cuts" user)
    (45 "Margin" user)
    (46 "B.CrtYd" user "B.Courtyard")
    (47 "F.CrtYd" user "F.Courtyard")
    (48 "B.Fab" user)
    (49 "F.Fab" user)
  )

  (setup
    (pad_to_mask_clearance 0.05)
  )

  (net 0 "")
  (net 1 "0")
  (net 2 "A")
  (net 3 "VIN")
  (net 4 "VOUT")

  (footprint "Package_TO_SOT_THT:TO-92_Inline" (layer "F.Cu") (tstamp a5aba17e-a3e4-454c-a1e7-e98a8f399fd8)
    (at 18.12 12.31 0)
    (fp_text reference "Q1" (at 0 -3.37) (layer "F.SilkS")
      (effects (font (size 1 1) (thickness 0.15)))
      (tstamp 14e72962-7822-4df4-aab5-1cf06c28b9d0)
    )
    (fp_text value "2N2222" (at 0 3.37) (layer "F.Fab")
      (effects (font (size 1 1) (thickness 0.15)))
      (tstamp 50c7bac2-611b-463c-a01a-5fb04b1bd9a8)
    )
      (fp_line (start -1.8 2.21) (end 1.8 2.21) (layer "F.SilkS") (width 0.12) (tstamp d94e736f-dd09-49f9-ae97-7cc1102ab01d))
      (fp_arc (start 0 -2.24) (mid 2.402 -0.635) (end 1.839 2.199) (layer "F.SilkS") (width 0.12) (tstamp 3b16f9be-7dd3-4564-a8ab-b24a4d7801e0))
      (fp_arc (start -1.838 2.199) (mid -2.402 -0.635) (end 0 -2.24) (layer "F.SilkS") (width 0.12) (tstamp 9cdf800d-9b73-4323-a2bf-e7d395900c97))
      (fp_line (start -1.77 2.11) (end 1.73 2.11) (layer "F.Fab") (width 0.1) (tstamp c4412497-71e5-4c01-aca2-7a35c9cd0b35))
      (fp_arc (start -1.754 2.114) (mid -2.291 -0.589) (end 0 -2.12) (layer "F.Fab") (width 0.1) (tstamp 2609aae6-12b0-476c-a6b6-afbe071a5cf8))
      (fp_arc (start 0 -2.12) (mid 2.291 -0.589) (end 1.754 2.114) (layer "F.Fab") (width 0.1) (tstamp 87d23135-3050-452b-a0ca-e5474f3267af))
      (fp_line (start -2.73 -2.37) (end 2.73 -2.37) (layer "F.CrtYd") (width 0.05) (tstamp 4019d0aa-7f3d-45e4-a5ea-eee869627140))
      (fp_line (start 2.73 -2.37) (end 2.73 2.37) (layer "F.CrtYd") (width 0.05) (tstamp de514a5b-de73-4a79-abd6-b95f2c151f7d))
      (fp_line (start 2.73 2.37) (end -2.73 2.37) (layer "F.CrtYd") (width 0.05) (tstamp 03aadd48-3da8-4f0e-a1c2-83d6eec7cdba))
      (fp_line (start -2.73 2.37) (end -2.73 -2.37) (layer "F.CrtYd") (width 0.05) (tstamp a1e256f9-9cde-43a3-a7ae-4e4db17a7bf7))
      (pad "2" thru_hole oval (at 0 0.36) (size 1.05 1.5) (drill 0.75) (layers "*.Cu" "*.Mask") (net 4 "VOUT") (tstamp 3db02225-648c-4ed3-addf-43eb0ef19aa7))
      (pad "1" thru_hole rect (at -1.27 0.36) (size 1.05 1.5) (drill 0.75) (layers "*.Cu" "*.Mask") (net 2 "A") (tstamp dbe79bd6-46eb-4114-a3cb-0e62c6d98ff0))
      (pad "3" thru_hole oval (at 1.27 0.36) (size 1.05 1.5) (drill 0.75) (layers "*.Cu" "*.Mask") (net 1 "0") (tstamp 9f78a874-0556-4a3e-a7f3-79744c3eec6a))
  )

  (footprint "Resistor_THT:R_Axial_DIN0207_L6.3mm_D2.5mm_P10.16mm_Horizontal" (layer "F.Cu") (tstamp a95565dd-92df-426f-a7d2-d0a94c09f6db)
    (at 12.67 19.12 180)
    (fp_text reference "R1" (at 0 -2.5) (layer "F.SilkS")
      (effects (font (size 1 1) (thickness 0.15)))
      (tstamp e506ff81-432b-467f-a618-17cb042d464b)
    )
    (fp_text value "1k" (at 0 2.5) (layer "F.Fab")
      (effects (font (size 1 1) (thickness 0.15)))
      (tstamp 8eaf7c41-6398-4e37-a50f-93c7e4d5c313)
    )
      (fp_line (start 4.04 0) (end 3.27 0) (layer "F.SilkS") (width 0.12) (tstamp 524e080c-1fe5-4452-a63d-716a1776e346))
      (fp_line (start -4.04 0) (end -3.27 0) (layer "F.SilkS") (width 0.12) (tstamp f08581bd-7f1b-48e7-ac29-3be1da299183))
      (fp_line (start -3.27 -1.37) (end -3.27 1.37) (layer "F.SilkS") (width 0.12) (tstamp 8ebcfb6e-617a-4b28-aa65-dc7c921186cc))
      (fp_line (start 3.27 1.37) (end 3.27 -1.37) (layer "F.SilkS") (width 0.12) (tstamp 2cf4751f-c0b0-4fbd-a051-a6f354c43509))
      (fp_line (start -3.27 1.37) (end 3.27 1.37) (layer "F.SilkS") (width 0.12) (tstamp d9702148-9cbb-46a6-ae8e-478e0cac2a52))
      (fp_line (start 3.27 -1.37) (end -3.27 -1.37) (layer "F.SilkS") (width 0.12) (tstamp 77a79af9-fbf0-4b3b-a47a-1205cf5ed88f))
      (fp_line (start 3.15 -1.25) (end -3.15 -1.25) (layer "F.Fab") (width 0.1) (tstamp 65976134-2338-4a3a-a4e3-91be7ac376be))
      (fp_line (start -3.15 1.25) (end 3.15 1.25) (layer "F.Fab") (width 0.1) (tstamp 03cedae5-826e-4ecf-aacf-5c353d7624fb))
      (fp_line (start 3.15 1.25) (end 3.15 -1.25) (layer "F.Fab") (width 0.1) (tstamp a2065496-64cd-4110-a90b-fcd0f55e1a44))
      (fp_line (start -3.15 -1.25) (end -3.15 1.25) (layer "F.Fab") (width 0.1) (tstamp 403dce47-c403-45a5-aef7-c747b810c881))
      (fp_line (start -5.08 0) (end -3.15 0) (layer "F.Fab") (width 0.1) (tstamp ecb97a70-a00e-4c8e-ac92-bb9a6ff8bdca))
      (fp_line (start 5.08 0) (end 3.15 0) (layer "F.Fab") (width 0.1) (tstamp 8af0f421-ff43-4123-a27e-861132ab6c07))
      (fp_line (start -6.13 -1.5) (end 6.13 -1.5) (layer "F.CrtYd") (width 0.05) (tstamp 3924fc89-4704-470f-ade5-82db6977195b))
      (fp_line (start 6.13 -1.5) (end 6.13 1.5) (layer "F.CrtYd") (width 0.05) (tstamp 9aed82d8-e7ce-427a-a7f9-b864a6c46b1e))
      (fp_line (start 6.13 1.5) (end -6.13 1.5) (layer "F.CrtYd") (width 0.05) (tstamp 7593efeb-8899-4de5-a9bd-17c9e411bce1))
      (fp_line (start -6.13 1.5) (end -6.13 -1.5) (layer "F.CrtYd") (width 0.05) (tstamp d75c763a-2963-4950-a3d1-4d52215f0ea4))
      (pad "1" thru_hole circle (at -5.08 0 180) (size 1.6 1.6) (drill 0.8) (layers "*.Cu" "*.Mask") (net 4 "VOUT") (tstamp 9deff355-3808-4597-afa9-6759fa340113))
      (pad "2" thru_hole oval (at 5.08 0 180) (size 1.6 1.6) (drill 0.8) (layers "*.Cu" "*.Mask") (net 2 "A") (tstamp 3c276d06-1a68-47d8-ade6-07f4b21bf65c))
  )

  (footprint "Package_TO_SOT_THT:TO-220-3_Vertical" (layer "F.Cu") (tstamp a6106ffa-fe18-4570-af42-948e5b37ee14)
    (at 26.29 10.95 270)
    (fp_text reference "U1" (at 0 -3.455) (layer "F.SilkS")
      (effects (font (size 1 1) (thickness 0.15)))
      (tstamp d7039066-db89-4ba0-a6d6-bcb49a6d0944)
    )
    (fp_text value "7805" (at 0 3.455) (layer "F.Fab")
      (effects (font (size 1 1) (thickness 0.15)))
      (tstamp 37250fc6-776c-4298-a7bd-d9742a82cecc)
    )
      (fp_line (start -5.12 -2.325) (end 5.12 -2.325) (layer "F.SilkS") (width 0.12) (tstamp 5b73806b-e80e-4de5-a844-6b4d20790231))
      (fp_line (start -1.85 -2.325) (end -1.85 -0.815) (layer "F.SilkS") (width 0.12) (tstamp bd3c06ba-88d8-4950-a258-a0d65dc653f4))
      (fp_line (start 1.851 -2.325) (end 1.851 -0.815) (layer "F.SilkS") (width 0.12) (tstamp 1f048d09-a679-470f-ac6c-d65fa5de5eab))
      (fp_line (start -5.12 -2.325) (end -5.12 2.316) (layer "F.SilkS") (width 0.12) (tstamp 80cd1358-4743-427a-a681-0be8e32bb06e))
      (fp_line (start -5.12 2.316) (end 5.12 2.316) (layer "F.SilkS") (width 0.12) (tstamp d451672f-64e3-4039-aff3-952915ae493d))
      (fp_line (start 5.12 -2.325) (end 5.12 2.316) (layer "F.SilkS") (width 0.12) (tstamp 3619ed7e-05ae-4ba4-aa07-cab252fb9b00))
      (fp_line (start -5.12 -0.815) (end 5.12 -0.815) (layer "F.SilkS") (width 0.12) (tstamp 97e273cd-234e-4963-a41c-003b9b13a5b7))
      (fp_line (start 5 2.195) (end 5 -2.205) (layer "F.Fab") (width 0.1) (tstamp 46663193-d20d-466d-a228-cfa92f0a2949))
      (fp_line (start 1.85 -2.205) (end 1.85 -0.935) (layer "F.Fab") (width 0.1) (tstamp a82eb7e2-72d8-41d8-ac3d-05326c577b0c))
      (fp_line (start -5 -0.935) (end 5 -0.935) (layer "F.Fab") (width 0.1) (tstamp 09f73e31-9078-4f97-a651-3abbb46f85c3))
      (fp_line (start 5 -2.205) (end -5 -2.205) (layer "F.Fab") (width 0.1) (tstamp 6bbfc480-3143-4b02-a065-7044f1bcd786))
      (fp_line (start -5 2.195) (end 5 2.195) (layer "F.Fab") (width 0.1) (tstamp bf441857-4ee3-48c1-aa79-a5cd243f7055))
      (fp_line (start -1.85 -2.205) (end -1.85 -0.935) (layer "F.Fab") (width 0.1) (tstamp 210c9ea6-efae-442c-a48d-db56618cc218))
      (fp_line (start -5 -2.205) (end -5 2.195) (layer "F.Fab") (width 0.1) (tstamp 82d524f5-0d4e-41eb-aea2-10dfa9a4cccf))
      (fp_line (start -5.25 -2.455) (end 5.25 -2.455) (layer "F.CrtYd") (width 0.05) (tstamp bdf4c3ae-1f15-4b78-a2bc-616c2919c9ec))
      (fp_line (start 5.25 -2.455) (end 5.25 2.455) (layer "F.CrtYd") (width 0.05) (tstamp 5c2c3d5f-7e4b-400d-a8a8-2be3ebcc7829))
      (fp_line (start 5.25 2.455) (end -5.25 2.455) (layer "F.CrtYd") (width 0.05) (tstamp 8185d04c-dd80-44a2-ae93-f65aae7f2666))
      (fp_line (start -5.25 2.455) (end -5.25 -2.455) (layer "F.CrtYd") (width 0.05) (tstamp 1fbd49fd-3cb6-4937-a47f-c0d17131d4a3))
      (pad "1" thru_hole rect (at -2.54 0.945 270) (size 1.905 2) (drill 1.1) (layers "*.Cu" "*.Mask") (net 3 "VIN") (tstamp 5e0ca8d2-a714-4b80-a85f-7d6ed727e204))
      (pad "2" thru_hole oval (at 0 0.945 270) (size 1.905 2) (drill 1.1) (layers "*.Cu" "*.Mask") (net 1 "0") (tstamp bfd52f21-c4b4-493f-a273-b2f71f3fecbb))
      (pad "3" thru_hole oval (at 2.54 0.945 270) (size 1.905 2) (drill 1.1) (layers "*.Cu" "*.Mask") (net 4 "VOUT") (tstamp 219db570-657e-44aa-ac87-e8805c8d3e7e))
  )

  (footprint "Capacitor_THT:C_Disc_D5.0mm_W2.5mm_P5.00mm" (layer "F.Cu") (tstamp bb28799f-a509-47d9-a172-2261c1abe73d)
    (at 16.76 5.5 0)
    (fp_text reference "C2" (at 0 -2.5) (layer "F.SilkS")
      (effects (font (size 1 1) (thickness 0.15)))
      (tstamp e7b53583-fd0a-40d1-a248-69d33aa0b565)
    )
    (fp_text value "100nF" (at 0 2.5) (layer "F.Fab")
      (effects (font (size 1 1) (thickness 0.15)))
      (tstamp 16273d03-c360-42a9-a7a9-7aaf0ebaa8ad)
    )
      (fp_line (start 2.62 1.055) (end 2.62 1.37) (layer "F.SilkS") (width 0.12) (tstamp eaae88ce-361d-4014-aa8f-3922dd07fcd0))
      (fp_line (start -2.62 -1.37) (end 2.62 -1.37) (layer "F.SilkS") (width 0.12) (tstamp 88e6027f-9552-44a9-a07b-03999fbaab0d))
      (fp_line (start -2.62 1.37) (end 2.62 1.37) (layer "F.SilkS") (width 0.12) (tstamp ae3f956c-f488-493e-aeb7-a434626d594a))
      (fp_line (start 2.62 -1.37) (end 2.62 -1.055) (layer "F.SilkS") (width 0.12) (tstamp 4c770f1d-53bd-4dd3-a4a3-6eab25200787))
      (fp_line (start -2.62 1.055) (end -2.62 1.37) (layer "F.SilkS") (width 0.12) (tstamp 71d0a20a-b947-4dc0-a2e0-0f46e7d2b5c4))
      (fp_line (start -2.62 -1.37) (end -2.62 -1.055) (layer "F.SilkS") (width 0.12) (tstamp 10081bbb-187d-4255-a8cb-d9bdaa856401))
      (fp_line (start -2.5 1.25) (end 2.5 1.25) (layer "F.Fab") (width 0.1) (tstamp 7bfefa16-cf38-491c-ab23-e2761ac64b88))
      (fp_line (start 2.5 -1.25) (end -2.5 -1.25) (layer "F.Fab") (width 0.1) (tstamp 1a3673c7-2e6e-4db1-a10f-aceddd78f9c5))
      (fp_line (start -2.5 -1.25) (end -2.5 1.25) (layer "F.Fab") (width 0.1) (tstamp 3f9006b4-8da3-4246-af4c-4d88a02ba802))
      (fp_line (start 2.5 1.25) (end 2.5 -1.25) (layer "F.Fab") (width 0.1) (tstamp ddc78065-ecd8-46db-a538-17ff62de563f))
      (fp_line (start -3.55 -1.5) (end 3.55 -1.5) (layer "F.CrtYd") (width 0.05) (tstamp f1e3266b-2ba0-46d9-a7a5-32230ef374bd))
      (fp_line (start 3.55 -1.5) (end 3.55 1.5) (layer "F.CrtYd") (width 0.05) (tstamp 53abacba-cc6a-4244-a1b9-67ac4c40c680))
      (fp_line (start 3.55 1.5) (end -3.55 1.5) (layer "F.CrtYd") (width 0.05) (tstamp b5743309-ea0a-4003-a37c-c7119458d137))
      (fp_line (start -3.55 1.5) (end -3.55 -1.5) (layer "F.CrtYd") (width 0.05) (tstamp 173cb958-8ad5-4b6e-ad90-fc9ad1a622fa))
      (pad "1" thru_hole circle (at -2.5 0) (size 1.6 1.6) (drill 0.8) (layers "*.Cu" "*.Mask") (net 4 "VOUT") (tstamp 1ca7a417-cd0a-48b9-ae21-10d1b07f78bd))
      (pad "2" thru_hole circle (at 2.5 0) (size 1.6 1.6) (drill 0.8) (layers "*.Cu" "*.Mask") (net 1 "0") (tstamp 42013704-2c3f-4d4e-ac5d-b16c733226fa))
  )

  (footprint "LED_THT:LED_D5.0mm" (layer "F.Cu") (tstamp e42bd0eb-3f34-41b1-a599-aa1b88d86f15)
    (at 7.23 10.95 180)
    (fp_text reference "D1" (at 0 -4.25) (layer "F.SilkS")
      (effects (font (size 1 1) (thickness 0.15)))
      (tstamp a64fa5d7-a6ed-45c9-abce-20750f72457d)
    )
    (fp_text value "red" (at 0 4.25) (layer "F.Fab")
      (effects (font (size 1 1) (thickness 0.15)))
      (tstamp b847c817-5668-4c81-a684-0531d3361465)
    )
      (fp_line (start -2.565 -1.545) (end -2.565 1.545) (layer "F.SilkS") (width 0.12) (tstamp dd742cfa-a403-4e6c-a658-9980562efea8))
      (fp_arc (start 2.985 0) (mid 0.797 2.88) (end -2.565 1.545) (layer "F.SilkS") (width 0.12) (tstamp 7baba6ab-0339-4301-ac44-63f718e1ace5))
      (fp_arc (start -2.565 -1.545) (mid 0.797 -2.88) (end 2.985 0.001) (layer "F.SilkS") (width 0.12) (tstamp a1053998-626e-4796-a230-2e6edb945b22))
      (fp_circle (center -0.005 0) (end 2.495 0) (layer "F.SilkS") (width 0.12) (fill none) (tstamp 3f3cb349-c1a4-4c2b-a81b-f8e59e47095f))
      (fp_line (start -2.505 -1.47) (end -2.505 1.47) (layer "F.Fab") (width 0.1) (tstamp 6016c642-2620-4bb4-a48c-be2c12d2b0a0))
      (fp_arc (start -2.505 -1.47) (mid 2.895 0) (end -2.505 1.47) (layer "F.Fab") (width 0.1) (tstamp fe4e3ff3-8556-4049-aa78-88a3d5855edd))
      (fp_circle (center -0.005 0) (end 2.495 0) (layer "F.Fab") (width 0.1) (fill none) (tstamp 23a7d2e0-e48b-44de-a064-531a98380d1a))
      (fp_line (start -3.225 -3.25) (end 3.225 -3.25) (layer "F.CrtYd") (width 0.05) (tstamp bdecfeff-49cc-4d91-a058-72e979b3ea55))
      (fp_line (start 3.225 -3.25) (end 3.225 3.25) (layer "F.CrtYd") (width 0.05) (tstamp 1fb5854e-ea97-48fc-aa6c-a872b7013c18))
      (fp_line (start 3.225 3.25) (end -3.225 3.25) (layer "F.CrtYd") (width 0.05) (tstamp 817e0b9d-0837-46bb-a480-ddfbff1946cf))
      (fp_line (start -3.225 3.25) (end -3.225 -3.25) (layer "F.CrtYd") (width 0.05) (tstamp e34691ec-a902-4226-ae95-13843c669892))
      (pad "2" thru_hole circle (at 1.265 0 180) (size 1.8 1.8) (drill 0.9) (layers "*.Cu" "*.Mask") (net 2 "A") (tstamp 41d5dbb0-ff73-4126-a5b0-59e64a1899d2))
      (pad "1" thru_hole rect (at -1.275 0 180) (size 1.8 1.8) (drill 0.9) (layers "*.Cu" "*.Mask") (net 1 "0") (tstamp 1c7c48c3-a03e-4c91-afc4-8f6f8765eb95))
  )

  (footprint "Resistor_THT:R_Axial_DIN0207_L6.3mm_D2.5mm_P10.16mm_Horizontal" (layer "F.Cu") (tstamp 478cdf8e-753f-44b0-a60f-714403f1ec24)
    (at 12.67 24.57 0)
    (fp_text reference "R2" (at 0 -2.5) (layer "F.SilkS")
      (effects (font (size 1 1) (thickness 0.15)))
      (tstamp 64159832-f3e3-43b0-a383-89bad200b084)
    )
    (fp_text value "1k" (at 0 2.5) (layer "F.Fab")
      (effects (font (size 1 1) (thickness 0.15)))
      (tstamp 4d979c92-5a24-48a8-ac47-c4a266ed2a0c)
    )
      (fp_line (start 4.04 0) (end 3.27 0) (layer "F.SilkS") (width 0.12) (tstamp 890b855f-7b22-48a5-a1e8-f27f809513a1))
      (fp_line (start -4.04 0) (end -3.27 0) (layer "F.SilkS") (width 0.12) (tstamp ead40bae-1bec-4410-abfd-2808bde26564))
      (fp_line (start -3.27 -1.37) (end -3.27 1.37) (layer "F.SilkS") (width 0.12) (tstamp 4c9c91fd-398c-41cf-adc0-876d05fa701b))
      (fp_line (start 3.27 1.37) (end 3.27 -1.37) (layer "F.SilkS") (width 0.12) (tstamp ae65184c-da57-4d3a-a7d4-bcf64347c1de))
      (fp_line (start -3.27 1.37) (end 3.27 1.37) (layer "F.SilkS") (width 0.12) (tstamp 102d9e9b-f7f7-4af9-a998-1c5b75ca5aad))
      (fp_line (start 3.27 -1.37) (end -3.27 -1.37) (layer "F.SilkS") (width 0.12) (tstamp 71f624ea-98c2-4664-a3ac-51e4b317ac70))
      (fp_line (start 3.15 -1.25) (end -3.15 -1.25) (layer "F.Fab") (width 0.1) (tstamp 8fbb0f07-6521-412d-a975-8ee33a376eb9))
      (fp_line (start -3.15 1.25) (end 3.15 1.25) (layer "F.Fab") (width 0.1) (tstamp f1839556-05ec-4c98-a389-c46c7784c07c))
      (fp_line (start 3.15 1.25) (end 3.15 -1.25) (layer "F.Fab") (width 0.1) (tstamp 534c1ba5-238c-4a57-a54d-23d1bf9ccb33))
      (fp_line (start -3.15 -1.25) (end -3.15 1.25) (layer "F.Fab") (width 0.1) (tstamp b514a1f4-c457-45c2-af61-595afcea1cf6))
      (fp_line (start -5.08 0) (end -3.15 0) (layer "F.Fab") (width 0.1) (tstamp 16dd2843-e1f7-4381-a1c6-65072f6cb5c5))
      (fp_line (start 5.08 0) (end 3.15 0) (layer "F.Fab") (width 0.1) (tstamp 78a5ae92-82c1-4eec-abda-9a906cba0788))
      (fp_line (start -6.13 -1.5) (end 6.13 -1.5) (layer "F.CrtYd") (width 0.05) (tstamp de27117a-e69b-4e48-a953-85b645d8192c))
      (fp_line (start 6.13 -1.5) (end 6.13 1.5) (layer "F.CrtYd") (width 0.05) (tstamp 7c5e8b2b-45d0-42dd-af3f-502d088ac769))
      (fp_line (start 6.13 1.5) (end -6.13 1.5) (layer "F.CrtYd") (width 0.05) (tstamp a1b81e18-a506-4772-ad7b-f0c8cb3d75a6))
      (fp_line (start -6.13 1.5) (end -6.13 -1.5) (layer "F.CrtYd") (width 0.05) (tstamp 3fef97c9-043b-4c07-a367-bb3f8df023e3))
      (pad "1" thru_hole circle (at -5.08 0) (size 1.6 1.6) (drill 0.8) (layers "*.Cu" "*.Mask") (net 2 "A") (tstamp 983e7d46-3a27-4640-a204-04a0ddecd4f4))
      (pad "2" thru_hole oval (at 5.08 0) (size 1.6 1.6) (drill 0.8) (layers "*.Cu" "*.Mask") (net 1 "0") (tstamp fa070395-57c7-43ff-a3c7-64052604dfab))
  )

  (footprint "Capacitor_THT:C_Disc_D5.0mm_W2.5mm_P5.00mm" (layer "F.Cu") (tstamp e0820c8c-043f-4c6e-afae-c2fc845e957a)
    (at 26.29 20.48 180)
    (fp_text reference "C1" (at 0 -2.5) (layer "F.SilkS")
      (effects (font (size 1 1) (thickness 0.15)))
      (tstamp 1ce78ef0-3c5b-4556-a925-2a225d637d92)
    )
    (fp_text value "100nF" (at 0 2.5) (layer "F.Fab")
      (effects (font (size 1 1) (thickness 0.15)))
      (tstamp f9730d90-e58d-4e6e-abff-920a27f7ae7a)
    )
      (fp_line (start 2.62 1.055) (end 2.62 1.37) (layer "F.SilkS") (width 0.12) (tstamp 5246435d-cbd2-4f0b-a8c1-6b577756a58f))
      (fp_line (start -2.62 -1.37) (end 2.62 -1.37) (layer "F.SilkS") (width 0.12) (tstamp b40ec9ac-6c9d-4a76-a2d5-a0e0b4a3f752))
      (fp_line (start -2.62 1.37) (end 2.62 1.37) (layer "F.SilkS") (width 0.12) (tstamp 8eb536bf-0d67-45e1-a499-0045f1f14915))
      (fp_line (start 2.62 -1.37) (end 2.62 -1.055) (layer "F.SilkS") (width 0.12) (tstamp f07dbd0e-ae32-414c-aead-35ce2f3e9ad8))
      (fp_line (start -2.62 1.055) (end -2.62 1.37) (layer "F.SilkS") (width 0.12) (tstamp d9685c99-4efd-4cb7-a070-953382215e83))
      (fp_line (start -2.62 -1.37) (end -2.62 -1.055) (layer "F.SilkS") (width 0.12) (tstamp 3b30e2e8-efc7-4822-aa84-cabcbf6eb046))
      (fp_line (start -2.5 1.25) (end 2.5 1.25) (layer "F.Fab") (width 0.1) (tstamp e396b4a5-7e41-4573-afb5-df9b5ebf2ca7))
      (fp_line (start 2.5 -1.25) (end -2.5 -1.25) (layer "F.Fab") (width 0.1) (tstamp 455f3af4-1f0b-40de-a9ca-15249c0c7e6a))
      (fp_line (start -2.5 -1.25) (end -2.5 1.25) (layer "F.Fab") (width 0.1) (tstamp 2005a807-bfd6-4c49-ab8d-7489d959d02d))
      (fp_line (start 2.5 1.25) (end 2.5 -1.25) (layer "F.Fab") (width 0.1) (tstamp 81ce2e56-60a1-47b4-a5a1-aa1216a721f0))
      (fp_line (start -3.55 -1.5) (end 3.55 -1.5) (layer "F.CrtYd") (width 0.05) (tstamp bb25a918-1d23-4b76-a313-34fe3af8a7f2))
      (fp_line (start 3.55 -1.5) (end 3.55 1.5) (layer "F.CrtYd") (width 0.05) (tstamp 595d22c9-7c58-400b-a8fe-ff75fdab562f))
      (fp_line (start 3.55 1.5) (end -3.55 1.5) (layer "F.CrtYd") (width 0.05) (tstamp f7949c7a-5eb8-424c-a73b-a010b5934b78))
      (fp_line (start -3.55 1.5) (end -3.55 -1.5) (layer "F.CrtYd") (width 0.05) (tstamp 95cc162b-bded-46e1-ad27-6a877845f9b5))
      (pad "1" thru_hole circle (at -2.5 0 180) (size 1.6 1.6) (drill 0.8) (layers "*.Cu" "*.Mask") (net 3 "VIN") (tstamp 47d06b44-a454-4e86-ab0e-18f8c568c502))
      (pad "2" thru_hole circle (at 2.5 0 180) (size 1.6 1.6) (drill 0.8) (layers "*.Cu" "*.Mask") (net 1 "0") (tstamp 2276d857-451f-49f1-acd1-785d02b616c5))
  )

  (gr_line (start 0 0) (end 34 0) (layer "Edge.Cuts") (width 0.1) (tstamp 5462c55b-0580-4919-a291-e8bf87620a3d))
  (gr_line (start 34 0) (end 34 31) (layer "Edge.Cuts") (width 0.1) (tstamp b62b4baa-a64b-4484-aca6-1e48c4af5c00))
  (gr_line (start 34 31) (end 0 31) (layer "Edge.Cuts") (width 0.1) (tstamp 17f3d1f9-c3eb-4243-ae69-7dad0cc766b7))
  (gr_line (start 0 31) (end 0 0) (layer "Edge.Cuts") (width 0.1) (tstamp 79bc5848-64b5-4dae-a87d-b3364a14b87a))

  (segment (start 26.035 7.62) (end 26.035 8.89) (width 0.8) (layer "B.Cu") (net 3) (tstamp da0ade92-68f9-4e2c-ad3e-e148aac9e378))
  (segment (start 26.035 8.89) (end 28.575 8.89) (width 0.8) (layer "B.Cu") (net 3) (tstamp 78425843-c82f-42c1-a32a-abbf6d7c91b5))
  (segment (start 28.575 8.89) (end 28.575 20.955) (width 0.8) (layer "B.Cu") (net 3) (tstamp 9d9beb30-2764-4756-a916-7636302f3ff2))
  (segment (start 28.575 20.955) (end 29.21 20.955) (width 0.8) (layer "B.Cu") (net 3) (tstamp 3bd364e1-869a-4beb-af02-40adf2e1ee2f))
  (segment (start 18.415 12.065) (end 18.415 10.795) (width 0.25) (layer "B.Cu") (net 4) (tstamp 290973ff-97fa-4a71-a5c0-32c58d744255))
  (segment (start 18.415 10.795) (end 15.24 10.795) (width 0.25) (layer "B.Cu") (net 4) (tstamp 8ad1fa4e-38c5-45dc-afd4-684ecac19418))
  (segment (start 15.24 10.795) (end 15.24 18.415) (width 0.25) (layer "B.Cu") (net 4) (tstamp ec9a809d-5665-439b-a9e8-9dd712d99ecf))
  (segment (start 15.24 18.415) (end 17.78 18.415) (width 0.25) (layer "B.Cu") (net 4) (tstamp 4e6306ec-f72f-4f06-a3fc-d3605026f092))
  (segment (start 17.78 18.415) (end 26.035 18.415) (width 0.25) (layer "F.Cu") (net 4) (tstamp be6fbfb3-2179-4375-accd-b05982a98961))
  (segment (start 26.035 18.415) (end 26.035 13.97) (width 0.25) (layer "F.Cu") (net 4) (tstamp 20384602-c244-4ee0-a6e1-e5e2bff6db24))
  (segment (start 15.24 10.795) (end 15.24 5.08) (width 0.25) (layer "B.Cu") (net 4) (tstamp d00a8d9a-7ef3-4a18-af4f-6e166aa52f4c))
  (segment (start 15.24 5.08) (end 13.97 5.08) (width 0.25) (layer "B.Cu") (net 4) (tstamp 6e42074b-de28-4ead-a53b-388d2d57dd89))
  (segment (start 7.62 19.685) (end 7.62 24.13) (width 0.8) (layer "B.Cu") (net 2) (tstamp be5d0c81-c7c0-4f23-aaa0-036d53feb667))
  (segment (start 7.62 24.13) (end 6.985 24.13) (width 0.8) (layer "B.Cu") (net 2) (tstamp 202592d0-688b-4a8e-a4b4-38f6914c082a))
  (segment (start 5.715 10.795) (end 5.715 19.685) (width 0.8) (layer "B.Cu") (net 2) (tstamp 73a9e6a7-8c80-43a5-a677-985bd96412e1))
  (segment (start 5.715 19.685) (end 7.62 19.685) (width 0.8) (layer "B.Cu") (net 2) (tstamp d5726cf6-2d4b-4f10-a08b-cde416b164a4))
  (segment (start 16.51 13.335) (end 5.715 13.335) (width 0.8) (layer "F.Cu") (net 2) (tstamp 373af345-4aeb-4ccf-a24f-2d495ec96f5b))
  (segment (start 5.715 13.335) (end 5.715 10.795) (width 0.8) (layer "F.Cu") (net 2) (tstamp 99037994-ebb5-483a-ac63-62d29c16c11e))
  (segment (start 19.685 12.065) (end 19.685 5.08) (width 0.8) (layer "B.Cu") (net 1) (tstamp 8e54b5da-f454-42c0-a48f-533aae87f8d4))
  (segment (start 19.685 12.065) (end 19.685 11.43) (width 0.8) (layer "F.Cu") (net 1) (tstamp 2c8c2f8b-538a-4755-aa7b-1db1713aa711))
  (segment (start 19.685 11.43) (end 25.4 11.43) (width 0.8) (layer "F.Cu") (net 1) (tstamp d5c2e5d1-17a4-4393-a9da-54c16a5e5a57))
  (segment (start 25.4 11.43) (end 25.4 10.795) (width 0.8) (layer "F.Cu") (net 1) (tstamp 378b6c20-b86e-4efe-a3ee-8a4aa7abac1a))
  (segment (start 23.495 20.955) (end 18.415 20.955) (width 0.8) (layer "F.Cu") (net 1) (tstamp 1231d933-5939-4a69-ae02-bfd3e4f8fddd))
  (segment (start 18.415 20.955) (end 18.415 24.765) (width 0.8) (layer "F.Cu") (net 1) (tstamp 73fa5f82-fa03-45d4-a816-f55c22464fa0))
  (segment (start 19.685 12.065) (end 19.685 20.955) (width 0.8) (layer "B.Cu") (net 1) (tstamp 4ea0cc95-9ace-413f-a22b-2ae57529134b))
  (segment (start 19.685 11.43) (end 19.685 10.16) (width 0.8) (layer "F.Cu") (net 1) (tstamp b06952e4-3b99-4caa-ac3f-606eb276650e))
  (segment (start 19.685 10.16) (end 8.89 10.16) (width 0.8) (layer "F.Cu") (net 1) (tstamp 8b0fbff7-dc63-4815-a653-95f7efc3b6d1))

  (via (at 19.685 20.955) (size 1.2) (drill 0.6) (layers "F.Cu" "B.Cu") (net 1) (tstamp ce58a9ec-72ca-4406-aa6b-8c08354ce8e2))

)"
`;

exports[`toKiCadPcb > matches the ground-free byte-for-byte snapshot recorded before the ground pour existed 1`] = `
"(kicad_pcb (version 20211014) (generator prompt_to_pcb)

  (general
    (thickness 1.6)
  )

  (paper "A4")

  (layers
    (0 "F.Cu" signal)
    (31 "B.Cu" signal)
    (32 "B.Adhes" user "B.Adhesive")
    (33 "F.Adhes" user "F.Adhesive")
    (34 "B.Paste" user)
    (35 "F.Paste" user)
    (36 "B.SilkS" user "B.Silkscreen")
    (37 "F.SilkS" user "F.Silkscreen")
    (38 "B.Mask" user)
    (39 "F.Mask" user)
    (40 "Dwgs.User" user "User.Drawings")
    (41 "Cmts.User" user "User.Comments")
    (42 "Eco1.User" user "User.Eco1")
    (43 "Eco2.User" user "User.Eco2")
    (44 "Edge.Cuts" user)
    (45 "Margin" user)
    (46 "B.CrtYd" user "B.Courtyard")
    (47 "F.CrtYd" user "F.Courtyard")
    (48 "B.Fab" user)
    (49 "F.Fab" user)
  )

  (setup
    (pad_to_mask_clearance 0.05)
  )

  (net 0 "")
  (net 1 "A")
  (net 2 "B")
  (net 3 "C")

  (footprint "Resistor_THT:R_Axial_DIN0207_L6.3mm_D2.5mm_P10.16mm_Horizontal" (layer "F.Cu") (tstamp a95565dd-92df-426f-a7d2-d0a94c09f6db)
    (at 10.13 10.58 0)
    (fp_text reference "R1" (at 0 -2.5) (layer "F.SilkS")
      (effects (font (size 1 1) (thickness 0.15)))
      (tstamp e506ff81-432b-467f-a618-17cb042d464b)
    )
    (fp_text value "1k" (at 0 2.5) (layer "F.Fab")
      (effects (font (size 1 1) (thickness 0.15)))
      (tstamp 8eaf7c41-6398-4e37-a50f-93c7e4d5c313)
    )
      (fp_line (start 4.04 0) (end 3.27 0) (layer "F.SilkS") (width 0.12) (tstamp 524e080c-1fe5-4452-a63d-716a1776e346))
      (fp_line (start -4.04 0) (end -3.27 0) (layer "F.SilkS") (width 0.12) (tstamp f08581bd-7f1b-48e7-ac29-3be1da299183))
      (fp_line (start -3.27 -1.37) (end -3.27 1.37) (layer "F.SilkS") (width 0.12) (tstamp 8ebcfb6e-617a-4b28-aa65-dc7c921186cc))
      (fp_line (start 3.27 1.37) (end 3.27 -1.37) (layer "F.SilkS") (width 0.12) (tstamp 2cf4751f-c0b0-4fbd-a051-a6f354c43509))
      (fp_line (start -3.27 1.37) (end 3.27 1.37) (layer "F.SilkS") (width 0.12) (tstamp d9702148-9cbb-46a6-ae8e-478e0cac2a52))
      (fp_line (start 3.27 -1.37) (end -3.27 -1.37) (layer "F.SilkS") (width 0.12) (tstamp 77a79af9-fbf0-4b3b-a47a-1205cf5ed88f))
      (fp_line (start 3.15 -1.25) (end -3.15 -1.25) (layer "F.Fab") (width 0.1) (tstamp 65976134-2338-4a3a-a4e3-91be7ac376be))
      (fp_line (start -3.15 1.25) (end 3.15 1.25) (layer "F.Fab") (width 0.1) (tstamp 03cedae5-826e-4ecf-aacf-5c353d7624fb))
      (fp_line (start 3.15 1.25) (end 3.15 -1.25) (layer "F.Fab") (width 0.1) (tstamp a2065496-64cd-4110-a90b-fcd0f55e1a44))
      (fp_line (start -3.15 -1.25) (end -3.15 1.25) (layer "F.Fab") (width 0.1) (tstamp 403dce47-c403-45a5-aef7-c747b810c881))
      (fp_line (start -5.08 0) (end -3.15 0) (layer "F.Fab") (width 0.1) (tstamp ecb97a70-a00e-4c8e-ac92-bb9a6ff8bdca))
      (fp_line (start 5.08 0) (end 3.15 0) (layer "F.Fab") (width 0.1) (tstamp 8af0f421-ff43-4123-a27e-861132ab6c07))
      (fp_line (start -6.13 -1.5) (end 6.13 -1.5) (layer "F.CrtYd") (width 0.05) (tstamp 3924fc89-4704-470f-ade5-82db6977195b))
      (fp_line (start 6.13 -1.5) (end 6.13 1.5) (layer "F.CrtYd") (width 0.05) (tstamp 9aed82d8-e7ce-427a-a7f9-b864a6c46b1e))
      (fp_line (start 6.13 1.5) (end -6.13 1.5) (layer "F.CrtYd") (width 0.05) (tstamp 7593efeb-8899-4de5-a9bd-17c9e411bce1))
      (fp_line (start -6.13 1.5) (end -6.13 -1.5) (layer "F.CrtYd") (width 0.05) (tstamp d75c763a-2963-4950-a3d1-4d52215f0ea4))
      (pad "1" thru_hole circle (at -5.08 0) (size 1.6 1.6) (drill 0.8) (layers "*.Cu" "*.Mask") (net 1 "A") (tstamp 9deff355-3808-4597-afa9-6759fa340113))
      (pad "2" thru_hole oval (at 5.08 0) (size 1.6 1.6) (drill 0.8) (layers "*.Cu" "*.Mask") (net 2 "B") (tstamp 3c276d06-1a68-47d8-ade6-07f4b21bf65c))
  )

  (footprint "Resistor_THT:R_Axial_DIN0207_L6.3mm_D2.5mm_P10.16mm_Horizontal" (layer "F.Cu") (tstamp 478cdf8e-753f-44b0-a60f-714403f1ec24)
    (at 10.13 5.5 180)
    (fp_text reference "R2" (at 0 -2.5) (layer "F.SilkS")
      (effects (font (size 1 1) (thickness 0.15)))
      (tstamp 64159832-f3e3-43b0-a383-89bad200b084)
    )
    (fp_text value "2k2" (at 0 2.5) (layer "F.Fab")
      (effects (font (size 1 1) (thickness 0.15)))
      (tstamp 4d979c92-5a24-48a8-ac47-c4a266ed2a0c)
    )
      (fp_line (start 4.04 0) (end 3.27 0) (layer "F.SilkS") (width 0.12) (tstamp 890b855f-7b22-48a5-a1e8-f27f809513a1))
      (fp_line (start -4.04 0) (end -3.27 0) (layer "F.SilkS") (width 0.12) (tstamp ead40bae-1bec-4410-abfd-2808bde26564))
      (fp_line (start -3.27 -1.37) (end -3.27 1.37) (layer "F.SilkS") (width 0.12) (tstamp 4c9c91fd-398c-41cf-adc0-876d05fa701b))
      (fp_line (start 3.27 1.37) (end 3.27 -1.37) (layer "F.SilkS") (width 0.12) (tstamp ae65184c-da57-4d3a-a7d4-bcf64347c1de))
      (fp_line (start -3.27 1.37) (end 3.27 1.37) (layer "F.SilkS") (width 0.12) (tstamp 102d9e9b-f7f7-4af9-a998-1c5b75ca5aad))
      (fp_line (start 3.27 -1.37) (end -3.27 -1.37) (layer "F.SilkS") (width 0.12) (tstamp 71f624ea-98c2-4664-a3ac-51e4b317ac70))
      (fp_line (start 3.15 -1.25) (end -3.15 -1.25) (layer "F.Fab") (width 0.1) (tstamp 8fbb0f07-6521-412d-a975-8ee33a376eb9))
      (fp_line (start -3.15 1.25) (end 3.15 1.25) (layer "F.Fab") (width 0.1) (tstamp f1839556-05ec-4c98-a389-c46c7784c07c))
      (fp_line (start 3.15 1.25) (end 3.15 -1.25) (layer "F.Fab") (width 0.1) (tstamp 534c1ba5-238c-4a57-a54d-23d1bf9ccb33))
      (fp_line (start -3.15 -1.25) (end -3.15 1.25) (layer "F.Fab") (width 0.1) (tstamp b514a1f4-c457-45c2-af61-595afcea1cf6))
      (fp_line (start -5.08 0) (end -3.15 0) (layer "F.Fab") (width 0.1) (tstamp 16dd2843-e1f7-4381-a1c6-65072f6cb5c5))
      (fp_line (start 5.08 0) (end 3.15 0) (layer "F.Fab") (width 0.1) (tstamp 78a5ae92-82c1-4eec-abda-9a906cba0788))
      (fp_line (start -6.13 -1.5) (end 6.13 -1.5) (layer "F.CrtYd") (width 0.05) (tstamp de27117a-e69b-4e48-a953-85b645d8192c))
      (fp_line (start 6.13 -1.5) (end 6.13 1.5) (layer "F.CrtYd") (width 0.05) (tstamp 7c5e8b2b-45d0-42dd-af3f-502d088ac769))
      (fp_line (start 6.13 1.5) (end -6.13 1.5) (layer "F.CrtYd") (width 0.05) (tstamp a1b81e18-a506-4772-ad7b-f0c8cb3d75a6))
      (fp_line (start -6.13 1.5) (end -6.13 -1.5) (layer "F.CrtYd") (width 0.05) (tstamp 3fef97c9-043b-4c07-a367-bb3f8df023e3))
      (pad "1" thru_hole circle (at -5.08 0 180) (size 1.6 1.6) (drill 0.8) (layers "*.Cu" "*.Mask") (net 2 "B") (tstamp 983e7d46-3a27-4640-a204-04a0ddecd4f4))
      (pad "2" thru_hole oval (at 5.08 0 180) (size 1.6 1.6) (drill 0.8) (layers "*.Cu" "*.Mask") (net 3 "C") (tstamp fa070395-57c7-43ff-a3c7-64052604dfab))
  )

  (gr_line (start 0 0) (end 21 0) (layer "Edge.Cuts") (width 0.1) (tstamp 5462c55b-0580-4919-a291-e8bf87620a3d))
  (gr_line (start 21 0) (end 21 17) (layer "Edge.Cuts") (width 0.1) (tstamp b62b4baa-a64b-4484-aca6-1e48c4af5c00))
  (gr_line (start 21 17) (end 0 17) (layer "Edge.Cuts") (width 0.1) (tstamp 17f3d1f9-c3eb-4243-ae69-7dad0cc766b7))
  (gr_line (start 0 17) (end 0 0) (layer "Edge.Cuts") (width 0.1) (tstamp 79bc5848-64b5-4dae-a87d-b3364a14b87a))

  (segment (start 15.875 10.16) (end 15.875 5.08) (width 0.8) (layer "B.Cu") (net 2) (tstamp e58e1541-aadf-4237-acdb-b54755ff4053))

)"
`;
